// Jest Snapshot v1, https://goo.gl/fbAQLP

exports[`renders the NotFound Component 1`] = `
<section
  class="error-section"
>
  <h2
    style="font-size: 10rem;"
  >
    404
  </h2>
  <p>
    Page Not Found!
  </p>
  <a
    href="/"
  >
    Navigate Home
  </a>
</section>
`;
